../Core/Src/ssd1306.c:50:6:SSD1306_ScrollRight	16	static
../Core/Src/ssd1306.c:63:6:SSD1306_ScrollLeft	16	static
../Core/Src/ssd1306.c:76:6:SSD1306_Scrolldiagright	16	static
../Core/Src/ssd1306.c:92:6:SSD1306_Scrolldiagleft	16	static
../Core/Src/ssd1306.c:108:6:SSD1306_Stopscroll	8	static
../Core/Src/ssd1306.c:115:6:SSD1306_InvertDisplay	16	static
../Core/Src/ssd1306.c:124:6:SSD1306_DrawBitmap	32	static
../Core/Src/ssd1306.c:154:9:SSD1306_Init	16	static
../Core/Src/ssd1306.c:220:6:SSD1306_UpdateScreen	16	static
../Core/Src/ssd1306.c:233:6:SSD1306_ToggleInvert	16	static
../Core/Src/ssd1306.c:245:6:SSD1306_Fill	16	static
../Core/Src/ssd1306.c:250:6:SSD1306_DrawPixel	16	static
../Core/Src/ssd1306.c:272:6:SSD1306_GotoXY	16	static
../Core/Src/ssd1306.c:278:6:SSD1306_Putc	32	static
../Core/Src/ssd1306.c:309:6:SSD1306_Puts	24	static
../Core/Src/ssd1306.c:327:6:SSD1306_DrawLine	40	static
../Core/Src/ssd1306.c:411:6:SSD1306_DrawRectangle	32	static
../Core/Src/ssd1306.c:436:6:SSD1306_DrawFilledRectangle	40	static
../Core/Src/ssd1306.c:463:6:SSD1306_DrawTriangle	32	static
../Core/Src/ssd1306.c:471:6:SSD1306_DrawFilledTriangle	64	static
../Core/Src/ssd1306.c:527:6:SSD1306_DrawCircle	40	static
../Core/Src/ssd1306.c:561:6:SSD1306_DrawFilledCircle	48	static
../Core/Src/ssd1306.c:594:6:SSD1306_Clear	8	static
../Core/Src/ssd1306.c:599:6:SSD1306_ON	8	static
../Core/Src/ssd1306.c:604:6:SSD1306_OFF	8	static
../Core/Src/ssd1306.c:620:6:ssd1306_I2C_Init	16	static
../Core/Src/ssd1306.c:632:6:ssd1306_I2C_WriteMulti	296	static
../Core/Src/ssd1306.c:642:6:ssd1306_I2C_Write	32	static
../Core/Src/ssd1306.c:650:6:intToString	40	static
../Core/Src/ssd1306.c:690:6:PutDT_Oled	32	static
../Core/Src/ssd1306.c:789:6:dip_startup	16	static
